#-----------------------------------------------------------
# Vivado v2019.1 (64-bit)
# SW Build 2552052 on Fri May 24 14:49:42 MDT 2019
# IP Build 2548770 on Fri May 24 18:01:18 MDT 2019
# Start of session at: Mon Nov  8 19:37:19 2021
# Process ID: 21144
# Current directory: E:/Vivado/RealVivado/Labs/Lab11_DataTransmission/Lab11_DataTransmission
# Command line: vivado.exe -gui_launcher_event rodinguilauncherevent17488 E:\Vivado\RealVivado\Labs\Lab11_DataTransmission\Lab11_DataTransmission\Lab11_DataTransmission.xpr
# Log file: E:/Vivado/RealVivado/Labs/Lab11_DataTransmission/Lab11_DataTransmission/vivado.log
# Journal file: E:/Vivado/RealVivado/Labs/Lab11_DataTransmission/Lab11_DataTransmission\vivado.jou
#-----------------------------------------------------------
start_gui
open_project E:/Vivado/RealVivado/Labs/Lab11_DataTransmission/Lab11_DataTransmission/Lab11_DataTransmission.xpr
update_compile_order -fileset sources_1
reset_run synth_1
launch_runs impl_1 -to_step write_bitstream -jobs 4
wait_on_run impl_1
open_hw
connect_hw_server -url localhost:3121
current_hw_target [get_hw_targets */xilinx_tcf/Digilent/210292B17D5FA]
set_property PARAM.FREQUENCY 3000000 [get_hw_targets */xilinx_tcf/Digilent/210292B17D5FA]
open_hw_target
set_property PROGRAM.FILE {E:/Vivado/RealVivado/Labs/Lab11_DataTransmission/Lab11_DataTransmission/Lab11_DataTransmission.runs/impl_1/main.bit} [get_hw_devices xc7a100t_0]
current_hw_device [get_hw_devices xc7a100t_0]
refresh_hw_device -update_hw_probes false [lindex [get_hw_devices xc7a100t_0] 0]
set_property PROBES.FILE {} [get_hw_devices xc7a100t_0]
set_property FULL_PROBES.FILE {} [get_hw_devices xc7a100t_0]
set_property PROGRAM.FILE {E:/Vivado/RealVivado/Labs/Lab11_DataTransmission/Lab11_DataTransmission/Lab11_DataTransmission.runs/impl_1/main.bit} [get_hw_devices xc7a100t_0]
program_hw_devices [get_hw_devices xc7a100t_0]
refresh_hw_device [lindex [get_hw_devices xc7a100t_0] 0]
