#-----------------------------------------------------------
# Vivado v2019.1 (64-bit)
# SW Build 2552052 on Fri May 24 14:49:42 MDT 2019
# IP Build 2548770 on Fri May 24 18:01:18 MDT 2019
# Start of session at: Sun Sep 26 17:06:49 2021
# Process ID: 16876
# Current directory: E:/Vivado/RealVivado/Labs/Lab5
# Command line: vivado.exe -gui_launcher_event rodinguilauncherevent12404 E:\Vivado\RealVivado\Labs\Lab5\Lab5.xpr
# Log file: E:/Vivado/RealVivado/Labs/Lab5/vivado.log
# Journal file: E:/Vivado/RealVivado/Labs/Lab5\vivado.jou
#-----------------------------------------------------------
start_guioopen_project E:/Vivado/RealVivado/Labs/Lab5/Lab5.xpruupdate_compile_order -fileset sources_1export_ip_user_files -of_objects  [get_files E:/Vivado/RealVivado/Labs/Lab5/Lab5.srcs/sources_1/new/sign_mag_add.v] -no_script -reset -force -quiet
remove_files  E:/Vivado/RealVivado/Labs/Lab5/Lab5.srcs/sources_1/new/sign_mag_add.v
update_compile_order -fileset sources_1
close [ open E:/Vivado/RealVivado/Labs/Lab5/Lab5.srcs/sources_1/new/add.v w ]
add_files E:/Vivado/RealVivado/Labs/Lab5/Lab5.srcs/sources_1/new/add.v
update_compile_order -fileset sources_1
export_ip_user_files -of_objects  [get_files E:/Vivado/RealVivado/Labs/Lab5/Lab5.srcs/constrs_1/new/asd.xdc] -no_script -reset -force -quiet
remove_files  -fileset constrs_1 E:/Vivado/RealVivado/Labs/Lab5/Lab5.srcs/constrs_1/new/asd.xdc
reset_run synth_1
launch_runs synth_1 -jobs 4
wait_on_run synth_1
launch_runs impl_1 -jobs 4
wait_on_run impl_1
launch_runs impl_1 -to_step write_bitstream -jobs 4
wait_on_run impl_1
reset_run synth_1
launch_runs impl_1 -to_step write_bitstream -jobs 4
wait_on_run impl_1
open_hw
connect_hw_server -url localhost:3121
current_hw_target [get_hw_targets */xilinx_tcf/Digilent/210292B17D5FA]
set_property PARAM.FREQUENCY 3000000 [get_hw_targets */xilinx_tcf/Digilent/210292B17D5FA]
open_hw_target
set_property PROGRAM.FILE {E:/Vivado/RealVivado/Labs/Lab5/Lab5.runs/impl_1/convert.bit} [get_hw_devices xc7a100t_0]
current_hw_device [get_hw_devices xc7a100t_0]
refresh_hw_device -update_hw_probes false [lindex [get_hw_devices xc7a100t_0] 0]
set_property PROBES.FILE {} [get_hw_devices xc7a100t_0]
set_property FULL_PROBES.FILE {} [get_hw_devices xc7a100t_0]
set_property PROGRAM.FILE {E:/Vivado/RealVivado/Labs/Lab5/Lab5.runs/impl_1/convert.bit} [get_hw_devices xc7a100t_0]
program_hw_devices [get_hw_devices xc7a100t_0]
refresh_hw_device [lindex [get_hw_devices xc7a100t_0] 0]
set_property PROBES.FILE {} [get_hw_devices xc7a100t_0]
set_property FULL_PROBES.FILE {} [get_hw_devices xc7a100t_0]
set_property PROGRAM.FILE {E:/Vivado/RealVivado/Labs/Lab5/Lab5.runs/impl_1/convert.bit} [get_hw_devices xc7a100t_0]
program_hw_devices [get_hw_devices xc7a100t_0]
refresh_hw_device [lindex [get_hw_devices xc7a100t_0] 0]
reset_run impl_1 -prev_step 
launch_runs impl_1 -to_step write_bitstream -jobs 4
wait_on_run impl_1
set_property PROBES.FILE {} [get_hw_devices xc7a100t_0]
set_property FULL_PROBES.FILE {} [get_hw_devices xc7a100t_0]
set_property PROGRAM.FILE {E:/Vivado/RealVivado/Labs/Lab5/Lab5.runs/impl_1/convert.bit} [get_hw_devices xc7a100t_0]
program_hw_devices [get_hw_devices xc7a100t_0]
refresh_hw_device [lindex [get_hw_devices xc7a100t_0] 0]
close_hw
reset_run impl_1 -prev_step 
launch_runs impl_1 -to_step write_bitstream -jobs 4
wait_on_run impl_1
open_hw
connect_hw_server -url localhost:3121
current_hw_target [get_hw_targets */xilinx_tcf/Digilent/210292B17D5FA]
set_property PARAM.FREQUENCY 3000000 [get_hw_targets */xilinx_tcf/Digilent/210292B17D5FA]
open_hw_target
set_property PROGRAM.FILE {E:/Vivado/RealVivado/Labs/Lab5/Lab5.runs/impl_1/convert.bit} [get_hw_devices xc7a100t_0]
current_hw_device [get_hw_devices xc7a100t_0]
refresh_hw_device -update_hw_probes false [lindex [get_hw_devices xc7a100t_0] 0]
set_property PROBES.FILE {} [get_hw_devices xc7a100t_0]
set_property FULL_PROBES.FILE {} [get_hw_devices xc7a100t_0]
set_property PROGRAM.FILE {E:/Vivado/RealVivado/Labs/Lab5/Lab5.runs/impl_1/convert.bit} [get_hw_devices xc7a100t_0]
program_hw_devices [get_hw_devices xc7a100t_0]
refresh_hw_device [lindex [get_hw_devices xc7a100t_0] 0]
reset_run synth_1
launch_runs impl_1 -to_step write_bitstream -jobs 4
wait_on_run impl_1
close_hw
open_hw
connect_hw_server -url localhost:3121
current_hw_target [get_hw_targets */xilinx_tcf/Digilent/210292B17D5FA]
set_property PARAM.FREQUENCY 3000000 [get_hw_targets */xilinx_tcf/Digilent/210292B17D5FA]
open_hw_target
set_property PROGRAM.FILE {E:/Vivado/RealVivado/Labs/Lab5/Lab5.runs/impl_1/convert.bit} [get_hw_devices xc7a100t_0]
current_hw_device [get_hw_devices xc7a100t_0]
refresh_hw_device -update_hw_probes false [lindex [get_hw_devices xc7a100t_0] 0]
set_property PROBES.FILE {} [get_hw_devices xc7a100t_0]
set_property FULL_PROBES.FILE {} [get_hw_devices xc7a100t_0]
set_property PROGRAM.FILE {E:/Vivado/RealVivado/Labs/Lab5/Lab5.runs/impl_1/convert.bit} [get_hw_devices xc7a100t_0]
program_hw_devices [get_hw_devices xc7a100t_0]
refresh_hw_device [lindex [get_hw_devices xc7a100t_0] 0]
close_hw
reset_run impl_1 -prev_step 
launch_runs impl_1 -to_step write_bitstream -jobs 4
wait_on_run impl_1
open_hw
connect_hw_server -url localhost:3121
current_hw_target [get_hw_targets */xilinx_tcf/Digilent/210292B17D5FA]
set_property PARAM.FREQUENCY 3000000 [get_hw_targets */xilinx_tcf/Digilent/210292B17D5FA]
open_hw_target
set_property PROGRAM.FILE {E:/Vivado/RealVivado/Labs/Lab5/Lab5.runs/impl_1/convert.bit} [get_hw_devices xc7a100t_0]
current_hw_device [get_hw_devices xc7a100t_0]
refresh_hw_device -update_hw_probes false [lindex [get_hw_devices xc7a100t_0] 0]
set_property PROBES.FILE {} [get_hw_devices xc7a100t_0]
set_property FULL_PROBES.FILE {} [get_hw_devices xc7a100t_0]
set_property PROGRAM.FILE {E:/Vivado/RealVivado/Labs/Lab5/Lab5.runs/impl_1/convert.bit} [get_hw_devices xc7a100t_0]
program_hw_devices [get_hw_devices xc7a100t_0]
refresh_hw_device [lindex [get_hw_devices xc7a100t_0] 0]
set_property PROBES.FILE {} [get_hw_devices xc7a100t_0]
set_property FULL_PROBES.FILE {} [get_hw_devices xc7a100t_0]
set_property PROGRAM.FILE {E:/Vivado/RealVivado/Labs/Lab5/Lab5.runs/impl_1/convert.bit} [get_hw_devices xc7a100t_0]
program_hw_devices [get_hw_devices xc7a100t_0]
refresh_hw_device [lindex [get_hw_devices xc7a100t_0] 0]
close_hw
open_project E:/Vivado/RealVivado/Labs/Lab4Real/Lab4Real.xpr
update_compile_order -fileset sources_1
current_project Lab5
reset_run impl_1 -prev_step 
launch_runs impl_1 -to_step write_bitstream -jobs 4
wait_on_run impl_1
open_hw
connect_hw_server -url localhost:3121
current_hw_target [get_hw_targets */xilinx_tcf/Digilent/210292B17D5FA]
set_property PARAM.FREQUENCY 3000000 [get_hw_targets */xilinx_tcf/Digilent/210292B17D5FA]
open_hw_target
set_property PROGRAM.FILE {E:/Vivado/RealVivado/Labs/Lab5/Lab5.runs/impl_1/convert.bit} [get_hw_devices xc7a100t_0]
current_hw_device [get_hw_devices xc7a100t_0]
refresh_hw_device -update_hw_probes false [lindex [get_hw_devices xc7a100t_0] 0]
set_property PROBES.FILE {} [get_hw_devices xc7a100t_0]
set_property FULL_PROBES.FILE {} [get_hw_devices xc7a100t_0]
set_property PROGRAM.FILE {E:/Vivado/RealVivado/Labs/Lab5/Lab5.runs/impl_1/convert.bit} [get_hw_devices xc7a100t_0]
program_hw_devices [get_hw_devices xc7a100t_0]
refresh_hw_device [lindex [get_hw_devices xc7a100t_0] 0]
close_hw
reset_run impl_1 -prev_step 
launch_runs impl_1 -to_step write_bitstream -jobs 4
wait_on_run impl_1
reset_run synth_1
launch_runs impl_1 -to_step write_bitstream -jobs 4
wait_on_run impl_1
open_hw
connect_hw_server -url localhost:3121
current_hw_target [get_hw_targets */xilinx_tcf/Digilent/210292B17D5FA]
set_property PARAM.FREQUENCY 3000000 [get_hw_targets */xilinx_tcf/Digilent/210292B17D5FA]
open_hw_target
set_property PROGRAM.FILE {E:/Vivado/RealVivado/Labs/Lab5/Lab5.runs/impl_1/convert.bit} [get_hw_devices xc7a100t_0]
current_hw_device [get_hw_devices xc7a100t_0]
refresh_hw_device -update_hw_probes false [lindex [get_hw_devices xc7a100t_0] 0]
set_property PROBES.FILE {} [get_hw_devices xc7a100t_0]
set_property FULL_PROBES.FILE {} [get_hw_devices xc7a100t_0]
set_property PROGRAM.FILE {E:/Vivado/RealVivado/Labs/Lab5/Lab5.runs/impl_1/convert.bit} [get_hw_devices xc7a100t_0]
program_hw_devices [get_hw_devices xc7a100t_0]
refresh_hw_device [lindex [get_hw_devices xc7a100t_0] 0]
close_hw
update_compile_order -fileset sources_1
reset_run synth_1
current_project Lab4Real
current_project Lab5
current_project Lab4Real
current_project Lab5
export_ip_user_files -of_objects  [get_files {{E:/Vivado/RealVivado/Labs/Lab5/Nexys-A7-100T-Master - Copy.xdc}}] -no_script -reset -force -quiet
remove_files  -fileset constrs_1 {{E:/Vivado/RealVivado/Labs/Lab5/Nexys-A7-100T-Master - Copy.xdc}}
add_files -fileset constrs_1 -norecurse E:/Vivado/RealVivado/Labs/Lab5/Nexys-A7-100T-Master.xdc
current_project Lab4Real
current_project Lab5
launch_runs impl_1 -to_step write_bitstream -jobs 4
wait_on_run impl_1
reset_run impl_1 -prev_step 
launch_runs impl_1 -to_step write_bitstream -jobs 4
wait_on_run impl_1
reset_run synth_1
launch_runs impl_1 -to_step write_bitstream -jobs 4
wait_on_run impl_1
open_hw
connect_hw_server -url localhost:3121
current_hw_target [get_hw_targets */xilinx_tcf/Digilent/210292B17D5FA]
set_property PARAM.FREQUENCY 3000000 [get_hw_targets */xilinx_tcf/Digilent/210292B17D5FA]
open_hw_target
set_property PROBES.FILE {} [get_hw_devices xc7a100t_0]
set_property FULL_PROBES.FILE {} [get_hw_devices xc7a100t_0]
set_property PROGRAM.FILE {E:/Vivado/RealVivado/Labs/Lab5/Lab5.runs/impl_1/add.bit} [get_hw_devices xc7a100t_0]
program_hw_devices [get_hw_devices xc7a100t_0]
refresh_hw_device [lindex [get_hw_devices xc7a100t_0] 0]
current_project Lab4Real
close_hw
current_project Lab5
reset_run impl_1 -prev_step 
launch_runs impl_1 -to_step write_bitstream -jobs 4
wait_on_run impl_1
reset_run impl_1 -prev_step 
launch_runs impl_1 -to_step write_bitstream -jobs 4
wait_on_run impl_1
open_hw
connect_hw_server -url localhost:3121
current_hw_target [get_hw_targets */xilinx_tcf/Digilent/210292B17D5FA]
set_property PARAM.FREQUENCY 3000000 [get_hw_targets */xilinx_tcf/Digilent/210292B17D5FA]
open_hw_target
set_property PROGRAM.FILE {E:/Vivado/RealVivado/Labs/Lab5/Lab5.runs/impl_1/add.bit} [get_hw_devices xc7a100t_0]
current_hw_device [get_hw_devices xc7a100t_0]
refresh_hw_device -update_hw_probes false [lindex [get_hw_devices xc7a100t_0] 0]
set_property PROBES.FILE {} [get_hw_devices xc7a100t_0]
set_property FULL_PROBES.FILE {} [get_hw_devices xc7a100t_0]
set_property PROGRAM.FILE {E:/Vivado/RealVivado/Labs/Lab5/Lab5.runs/impl_1/add.bit} [get_hw_devices xc7a100t_0]
program_hw_devices [get_hw_devices xc7a100t_0]
refresh_hw_device [lindex [get_hw_devices xc7a100t_0] 0]
close_hw
reset_run impl_1 -prev_step 
launch_runs impl_1 -to_step write_bitstream -jobs 4
wait_on_run impl_1
open_hw
connect_hw_server -url localhost:3121
current_hw_target [get_hw_targets */xilinx_tcf/Digilent/210292B17D5FA]
set_property PARAM.FREQUENCY 3000000 [get_hw_targets */xilinx_tcf/Digilent/210292B17D5FA]
open_hw_target
set_property PROGRAM.FILE {E:/Vivado/RealVivado/Labs/Lab5/Lab5.runs/impl_1/add.bit} [get_hw_devices xc7a100t_0]
current_hw_device [get_hw_devices xc7a100t_0]
refresh_hw_device -update_hw_probes false [lindex [get_hw_devices xc7a100t_0] 0]
set_property PROBES.FILE {} [get_hw_devices xc7a100t_0]
set_property FULL_PROBES.FILE {} [get_hw_devices xc7a100t_0]
set_property PROGRAM.FILE {E:/Vivado/RealVivado/Labs/Lab5/Lab5.runs/impl_1/add.bit} [get_hw_devices xc7a100t_0]
program_hw_devices [get_hw_devices xc7a100t_0]
refresh_hw_device [lindex [get_hw_devices xc7a100t_0] 0]
close_hw
current_project Lab4Real
close_project
