Copyright 1986-2019 Xilinx, Inc. All Rights Reserved.
------------------------------------------------------------------------------------
| Tool Version : Vivado v.2019.1 (win64) Build 2552052 Fri May 24 14:49:42 MDT 2019
| Date         : Mon Oct 18 17:31:16 2021
| Host         : DESKTOP-Johnny running 64-bit major release  (build 9200)
| Command      : report_control_sets -verbose -file main_control_sets_placed.rpt
| Design       : main
| Device       : xc7a100t
------------------------------------------------------------------------------------

Control Set Information

Table of Contents
-----------------
1. Summary
2. Histogram
3. Flip-Flop Distribution
4. Detailed Control Set Information

1. Summary
----------

+----------------------------------------------------------+-------+
|                          Status                          | Count |
+----------------------------------------------------------+-------+
| Total control sets                                       |     7 |
|    Minimum number of control sets                        |     7 |
|    Addition due to synthesis replication                 |     0 |
|    Addition due to physical synthesis replication        |     0 |
| Unused register locations in slices containing registers |    36 |
+----------------------------------------------------------+-------+
* Control sets can be merged at opt_design using control_set_merge or merge_equivalent_drivers
** Run report_qor_suggestions for automated merging and remapping suggestions


2. Histogram
------------

+--------------------+-------+
|       Fanout       | Count |
+--------------------+-------+
| Total control sets |     7 |
| >= 0 to < 4        |     3 |
| >= 4 to < 6        |     1 |
| >= 6 to < 8        |     0 |
| >= 8 to < 10       |     0 |
| >= 10 to < 12      |     0 |
| >= 12 to < 14      |     1 |
| >= 14 to < 16      |     0 |
| >= 16              |     2 |
+--------------------+-------+
* Control sets can be remapped at either synth_design or opt_design


3. Flip-Flop Distribution
-------------------------

+--------------+-----------------------+------------------------+-----------------+--------------+
| Clock Enable | Synchronous Set/Reset | Asynchronous Set/Reset | Total Registers | Total Slices |
+--------------+-----------------------+------------------------+-----------------+--------------+
| No           | No                    | No                     |               6 |            4 |
| No           | No                    | Yes                    |              12 |            4 |
| No           | Yes                   | No                     |              54 |           14 |
| Yes          | No                    | No                     |               0 |            0 |
| Yes          | No                    | Yes                    |               4 |            2 |
| Yes          | Yes                   | No                     |               0 |            0 |
+--------------+-----------------------+------------------------+-----------------+--------------+


4. Detailed Control Set Information
-----------------------------------

+--------------------+----------------------------+-------------------------+------------------+----------------+
|    Clock Signal    |        Enable Signal       |     Set/Reset Signal    | Slice Load Count | Bel Load Count |
+--------------------+----------------------------+-------------------------+------------------+----------------+
|  slowed/fast_reg_0 |                            |                         |                1 |              2 |
|  Clock_IBUF_BUFG   |                            |                         |                2 |              2 |
|  slowed/CLK        |                            |                         |                1 |              2 |
|  slowed/CLK        | timTimmy/low/Q1[3]_i_1_n_0 | R_IBUF                  |                2 |              4 |
|  slowed/CLK        |                            | R_IBUF                  |                4 |             12 |
|  Clock_IBUF_BUFG   |                            | slowed/count[0]_i_1_n_0 |                7 |             27 |
|  Clock_IBUF_BUFG   |                            | slowed/clear            |                7 |             27 |
+--------------------+----------------------------+-------------------------+------------------+----------------+


