#-----------------------------------------------------------
# Vivado v2019.1 (64-bit)
# SW Build 2552052 on Fri May 24 14:49:42 MDT 2019
# IP Build 2548770 on Fri May 24 18:01:18 MDT 2019
# Start of session at: Mon Nov 15 16:01:27 2021
# Process ID: 27728
# Current directory: E:/Vivado/RealVivado/Labs/ParityBitTransmitter
# Command line: vivado.exe -gui_launcher_event rodinguilauncherevent21544 E:\Vivado\RealVivado\Labs\ParityBitTransmitter\ParityBitTransmitter.xpr
# Log file: E:/Vivado/RealVivado/Labs/ParityBitTransmitter/vivado.log
# Journal file: E:/Vivado/RealVivado/Labs/ParityBitTransmitter\vivado.jou
#-----------------------------------------------------------
start_gui
open_project E:/Vivado/RealVivado/Labs/ParityBitTransmitter/ParityBitTransmitter.xpr
update_compile_order -fileset sources_1
reset_run synth_1
launch_runs synth_1 -jobs 4
wait_on_run synth_1
launch_runs impl_1 -jobs 4
wait_on_run impl_1
open_run impl_1
reset_run synth_1
launch_runs synth_1 -jobs 4
wait_on_run synth_1
launch_runs impl_1 -jobs 4
wait_on_run impl_1
launch_simulation -mode post-synthesis -type timing
source main.tcl
close_sim
launch_simulation
source main.tcl
close_sim
launch_simulation
source main.tcl
close_sim
launch_simulation
source main.tcl
close_sim
